IP Upgrade report for tonnere
Thu Jul 16 19:18:23 2026
Quartus Prime Version 25.1std.0 Build 1129 10/21/2025 SC Lite Edition


---------------------
; Table of Contents ;
---------------------
  1. Legal Notice
  2. IP Upgrade Summary
  3. IP Upgrade Messages



----------------
; Legal Notice ;
----------------
Copyright (C) 2025  Altera Corporation. All rights reserved.
Your use of Altera Corporation's design tools, logic functions 
and other software and tools, and any partner logic 
functions, and any output files from any of the foregoing 
(including device programming or simulation files), and any 
associated documentation or information are expressly subject 
to the terms and conditions of the Altera Program License 
Subscription Agreement, the Altera Quartus Prime License Agreement,
the Altera IP License Agreement, or other applicable license
agreement, including, without limitation, that your use is for
the sole purpose of programming logic devices manufactured by
Altera and sold by Altera or its authorized distributors.  Please
refer to the Altera Software License Subscription Agreements 
on the Quartus Prime software download page.



+--------------------------------------------------------------------------------+
; IP Upgrade Summary                                                             ;
+------------------------------+-------------------------------------------------+
; IP Components Upgrade Status ; Failed - Thu Jul 16 19:18:23 2026               ;
; Quartus Prime Version        ; 25.1std.0 Build 1129 10/21/2025 SC Lite Edition ;
; Revision Name                ; tonnere                                         ;
; Top-level Entity Name        ; tonnere                                         ;
; Family                       ; Cyclone 10 LP                                   ;
+------------------------------+-------------------------------------------------+


+---------------------+
; IP Upgrade Messages ;
+---------------------+
Info (23030): Evaluation of Tcl script /home/markw/intelFPGA_lite/25.1std/quartus/common/tcl/internal/ip_regen/ip_regen.tcl was successful
Info: Quartus Prime Shell was successful. 0 errors, 0 warnings
    Info: Peak virtual memory: 609 megabytes
    Info: Processing ended: Thu Jul 16 19:18:23 2026
    Info: Elapsed time: 00:00:03
    Info: Total CPU time (on all processors): 00:00:09


